=== GiAutoSubs 2026-09-12 09:47:07 ===
[GiAutoSubs]       479 captions | style 'capcut_bolha'
[GiAutoSubs]       style requested:
[GiAutoSubs]         el 1 fill               ON   rgb(1.00 1.00 1.00)
[GiAutoSubs]         el 2 outline            ON   rgb(0.00 0.00 0.00)
[GiAutoSubs]         el 3 text shadow        off
[GiAutoSubs]         el 4 highlight bubble   ON   rgb(0.00 0.00 0.00)  [border]
[GiAutoSubs]         el 5 bubble shadow      off
[GiAutoSubs]         el 6 text box           off
[GiAutoSubs]         el 7 text box shadow    off
[GiAutoSubs]         el 8 free               off
[GiAutoSubs]         highlight: 1 animated layer(s) -> el 4
[GiAutoSubs]       'porqueolehmaisfortequejiren' | 30.000 fps | starts at frame 0 | 5 video tracks
[GiAutoSubs]       4 caption style(s) installed:
[GiAutoSubs]         - GiAutoSubs 3color
[GiAutoSubs]         - GiAutoSubs 3color_spinning
[GiAutoSubs]         - GiAutoSubs Caption
[GiAutoSubs]         - GiAutoSubs TikTokNovo
[GiAutoSubs]       chosen: 'GiAutoSubs TikTokNovo'
[GiAutoSubs]       using 'GiAutoSubs TikTokNovo'
[GiAutoSubs]       config: 62 value(s) from D:\CanalYtbe\BatataQuente\pre_production\giautosubs\presets\TikTokAtual.txt (63 values, 'TikTokAtual')
[GiAutoSubs]       they win over the style in legendas.lua; what the config does
[GiAutoSubs]       not mention still comes from the style.
[GiAutoSubs]       one track per speaker (project is split screen)
[GiAutoSubs]       (no speaker) -> video track 6 (lane 1 above the existing 5)
[GiAutoSubs]       Heitor       -> video track 6 (lane 1 above the existing 5)
[GiAutoSubs]       Pedro        -> video track 8 (lane 3 above the existing 5)
[GiAutoSubs]       479 clips created, 0 refused by Resolve
[GiAutoSubs]       (this build cannot export a bin from a script - do it by
[GiAutoSubs]        hand once: right-click the bin > Export Bin File...)
[GiAutoSubs]       element 2 offset via input 'Offset2' (x=0.0000 y=0.0000)
[GiAutoSubs]       bubble pop: off
[GiAutoSubs]       -- verifying on the first clip (reading values back) --
[GiAutoSubs]       font        ok       asked 'Open Sans'  got 'Open Sans'
[GiAutoSubs]       font style  ok       asked 'Bold'  got 'Bold'
[GiAutoSubs]       el 1 fill               ok       (1)  color ok asked(1.00 1.00 1.00) got(1 1 1)
[GiAutoSubs]            Follower1  ok  (1 1 1)
[GiAutoSubs]       el 2 outline            ok       (1)  color ok asked(0.00 0.00 0.00) got(0 0 0)  thickness ok  offset via Offset2
[GiAutoSubs]            Follower1  ok  (0 0 0)
[GiAutoSubs]       el 3 text shadow        ok       (0)
[GiAutoSubs]       el 4 highlight bubble   ok       (1)  color ok asked(0.00 0.00 0.00) got(0 0 0)  shape=2
[GiAutoSubs]            Follower1  ok  (0 0 0)
[GiAutoSubs]       el 5 bubble shadow      ok       (0)
[GiAutoSubs]       el 6 text box           DIFFERS  (1)
[GiAutoSubs]       el 7 text box shadow    ok       (0)
[GiAutoSubs]       el 8 free               ok       (0)
[GiAutoSubs] 
[GiAutoSubs] --------------------- PROPERTY DUMP ---------------------
[GiAutoSubs] Every value below was READ BACK from the tool, not assumed.
[GiAutoSubs]   element 1 (fill)            Enabled=1 Name=White Solid Fill ElementShape=0 Level=3 Red=1 Green=1 Blue=1 Alpha=1 Opacity=1 Softness=0/fol:1 Thickness=0.0200 ExtendHorizontal=0 ExtendVertical=0 Round=0 Offset={0,0,0} Position=1
[GiAutoSubs]   element 2 (outline)         Enabled=1 Name=Outline/fol:Red Outline ElementShape=1 Level=3 Red=0 Green=0 Blue=0 Alpha=1 Opacity=1 Softness=1 Thickness=0.1500 ExtendHorizontal=0 ExtendVertical=0 Round=0 Offset={0,0,0} Position=1
[GiAutoSubs]   element 3 (text shadow)     Enabled=0 Name=Black Shadow ElementShape=-/fol:0 Red=-/fol:0 Green=-/fol:0 Blue=-/fol:0 Alpha=-/fol:1 Opacity=0.4926/fol:1 Softness=1 Thickness=-/fol:0.0200 ExtendHorizontal=-/fol:0 ExtendVertical=-/fol:0 Round=-/fol:0 Offset=-/fol:{0.05,-0.05,0} Position=-/fol:1
[GiAutoSubs]   element 4 (highlight bubble) Enabled=1 Name=Blue Border ElementShape=2 Level=2 Red=0 Green=0 Blue=0 Alpha=1 Opacity=1 Softness=0/fol:1 Thickness=0.0200 ExtendHorizontal=-0.1000 ExtendVertical=-0.1000 Round=0.1000 Offset={0,0,0} Position=1
[GiAutoSubs]   element 5 (bubble shadow)   Enabled=0 Name=Element 5 ElementShape=-/fol:0 Red=-/fol:1 Green=-/fol:1 Blue=-/fol:1 Alpha=-/fol:1 Opacity=-/fol:1 Softness=-/fol:1 Thickness=-/fol:0.0200 ExtendHorizontal=-/fol:0 ExtendVertical=-/fol:0 Round=-/fol:0 Offset=-/fol:{0,0,0} Position=-/fol:1
[GiAutoSubs]   element 6 (text box)        Enabled=1 Name=Element 6 ElementShape=2 Level=0 Red=1 Green=1 Blue=1 Alpha=1 Opacity=1 Softness=0/fol:1 Thickness=0.0200 ExtendHorizontal=0.2000 ExtendVertical=0.1200 Round=0.2000 Offset={0,0,0} Position=1
[GiAutoSubs]   element 7 (text box shadow) Enabled=0 Name=Element 7 ElementShape=-/fol:0 Red=-/fol:1 Green=-/fol:1 Blue=-/fol:1 Alpha=-/fol:1 Opacity=-/fol:1 Softness=-/fol:1 Thickness=-/fol:0.0200 ExtendHorizontal=-/fol:0 ExtendVertical=-/fol:0 Round=-/fol:0 Offset=-/fol:{0,0,0} Position=-/fol:1
[GiAutoSubs]   element 8 (free)            Enabled=0 Name=Element 8 ElementShape=-/fol:0 Red=-/fol:1 Green=-/fol:1 Blue=-/fol:1 Alpha=-/fol:1 Opacity=-/fol:1 Softness=-/fol:1 Thickness=-/fol:0.0200 ExtendHorizontal=-/fol:0 ExtendVertical=-/fol:0 Round=-/fol:0 Offset=-/fol:{0,0,0} Position=-/fol:1
[GiAutoSubs]   (a/fol:b means Text+ says a and Follower1 says b - Follower1 wins)
[GiAutoSubs] 
[GiAutoSubs]   combo labels (so these numbers stop being guesswork):
[GiAutoSubs]     ElementShape4   1=Text Fill  2=Text Outline  3=Border Fill  4=Border Outline  INPS_IC_Name:Appearance  INPS_Name:Appearance 4
[GiAutoSubs]     Level4          1=Text  2=Line  3=Word  4=Character  INPS_IC_Name:Level  INPS_Name:Level 4
[GiAutoSubs] 
[GiAutoSubs]   macro controls (59, from the macro's own InputKeys):
[GiAutoSubs]     Font=Open Sans  Style=Bold  FadeEnabled=0  PopInEnabled=0
[GiAutoSubs]     SlideUpEnabled=0  AnimationLength=0.2000  AnimationLevel=0  AnimationMode=2
[GiAutoSubs]     FillEnabled=1  FillColorRed=1  FillColorGreen=1  FillColorBlue=1
[GiAutoSubs]     OutlineEnabled=1  OutlineThickness=0.1500  OutlineColorRed=0  OutlineColorGreen=0
[GiAutoSubs]     OutlineColorBlue=0  ShadowEnabled=0  ShadowColorRed=0  ShadowColorGreen=0
[GiAutoSubs]     ShadowColorBlue=0  WordFillEnabled=0  WordFillColorRed=1  WordFillColorGreen=0.9137
[GiAutoSubs]     WordFillColorBlue=0  BubbleEnabled=1  BubbleColorRed=0  BubbleColorGreen=0
[GiAutoSubs]     BubbleColorBlue=0  BubbleOpacity=1  BubbleLevel=2  BubbleExtendHorizontal=-0.1000
[GiAutoSubs]     BubbleExtendVertical=-0.1000  BubbleRound=0.1000  BubblePopEnabled=0  BubblePopAmount=0.1500
[GiAutoSubs]     BubblePopFrames=3  TextBoxEnabled=1  TextBoxColorRed=1  TextBoxColorGreen=1
[GiAutoSubs]     TextBoxColorBlue=1  TextBoxOpacity=1  TextBoxLevel=0  TextBoxExtendHorizontal=0.2000
[GiAutoSubs]     TextBoxExtendVertical=0.1200  TextBoxRound=0.2000  BoxShadowOnHighlight=0  BoxShadowOnNormal=0
[GiAutoSubs]     BoxShadowColorRed=0  BoxShadowColorGreen=0  BoxShadowColorBlue=0  BoxShadowCenterX=0.0050
[GiAutoSubs]     BoxShadowCenterY=-0.0070  BoxShadowOpacity=0.5500  BoxShadowSoftness=2  TextCase=2
[GiAutoSubs]     GiAutoSubsVersao=24
[GiAutoSubs] 
[GiAutoSubs]   character-level styling spline: 3 keyframe(s)
[GiAutoSubs]     (keyframes present but no StyledText array read back)
[GiAutoSubs] ---------------------------------------------------------
[GiAutoSubs] 
[GiAutoSubs]       25/479
[GiAutoSubs]       50/479
[GiAutoSubs]       75/479
[GiAutoSubs]       100/479
[GiAutoSubs]       125/479
[GiAutoSubs]       150/479
[GiAutoSubs]       175/479
[GiAutoSubs]       200/479
[GiAutoSubs]       225/479
[GiAutoSubs]       250/479
[GiAutoSubs]       275/479
[GiAutoSubs]       300/479
[GiAutoSubs]       325/479
[GiAutoSubs]       350/479
[GiAutoSubs]       375/479
[GiAutoSubs]       400/479
[GiAutoSubs]       425/479
[GiAutoSubs]       450/479
[GiAutoSubs]       475/479
[GiAutoSubs]       retrying 2 clip(s) whose composition was not ready yet
[GiAutoSubs] 
[GiAutoSubs] == summary ==
[GiAutoSubs]   mode              criar
[GiAutoSubs]   conflict mode     substituir (nothing from a previous run was here)
[GiAutoSubs]   template          GiAutoSubs TikTokNovo
[GiAutoSubs]   caption file      D:\CanalYtbe\BatataQuente\pre_production\projects\DeuMerda\cortes\rank_surpresa\legendas\legenda_por_track.lua
[GiAutoSubs]   config            D:\CanalYtbe\BatataQuente\pre_production\giautosubs\presets\TikTokAtual.txt (63 values, 'TikTokAtual')
[GiAutoSubs]   clips             479 requested, 479 created, 477 styled, 2 failed
[GiAutoSubs]   text applied      via Text (animated macro)
[GiAutoSubs]   style applied     via SetInputValues (the macro's own contract)
[GiAutoSubs]   word highlight    477 clips with per-word keyframes
[GiAutoSubs]   spline cleared    0 clips (removes the macro's sample keyframes)
[GiAutoSubs]   FAILED (2x)      ...ci Resolve\Support\Fusion\Scripts\Utility\GiAutoSubs.lua:2391: clip has no Fusion composition yet
